// Jest Snapshot v1, https://goo.gl/fbAQLP

exports[`Should ReviewsForm render correctly 1`] = `
<form
  className="reviews__form form"
  onSubmit={[Function]}
>
  <label
    className="reviews__label form__label"
    htmlFor="review"
  >
    Your review
  </label>
  <p
    style={
      Object {
        "color": "red",
      }
    }
  />
  <div
    className="reviews__rating-form form__rating"
  >
    <input
      checked={true}
      className="form__rating-input visually-hidden"
      disabled={false}
      id="0-stars"
      name="rating"
      onChange={[Function]}
      type="radio"
      value={1}
    />
    <label
      className="reviews__rating-label form__rating-label"
      htmlFor="0-stars"
      title="perfect"
    >
      <svg
        className="form__star-image"
        height={33}
        width={37}
      >
        <use
          xlinkHref="#icon-star"
        />
      </svg>
    </label>
    <input
      checked={false}
      className="form__rating-input visually-hidden"
      disabled={false}
      id="1-stars"
      name="rating"
      onChange={[Function]}
      type="radio"
      value={2}
    />
    <label
      className="reviews__rating-label form__rating-label"
      htmlFor="1-stars"
      title="perfect"
    >
      <svg
        className="form__star-image"
        height={33}
        width={37}
      >
        <use
          xlinkHref="#icon-star"
        />
      </svg>
    </label>
    <input
      checked={false}
      className="form__rating-input visually-hidden"
      disabled={false}
      id="2-stars"
      name="rating"
      onChange={[Function]}
      type="radio"
      value={3}
    />
    <label
      className="reviews__rating-label form__rating-label"
      htmlFor="2-stars"
      title="perfect"
    >
      <svg
        className="form__star-image"
        height={33}
        width={37}
      >
        <use
          xlinkHref="#icon-star"
        />
      </svg>
    </label>
    <input
      checked={false}
      className="form__rating-input visually-hidden"
      disabled={false}
      id="3-stars"
      name="rating"
      onChange={[Function]}
      type="radio"
      value={4}
    />
    <label
      className="reviews__rating-label form__rating-label"
      htmlFor="3-stars"
      title="perfect"
    >
      <svg
        className="form__star-image"
        height={33}
        width={37}
      >
        <use
          xlinkHref="#icon-star"
        />
      </svg>
    </label>
    <input
      checked={false}
      className="form__rating-input visually-hidden"
      disabled={false}
      id="4-stars"
      name="rating"
      onChange={[Function]}
      type="radio"
      value={5}
    />
    <label
      className="reviews__rating-label form__rating-label"
      htmlFor="4-stars"
      title="perfect"
    >
      <svg
        className="form__star-image"
        height={33}
        width={37}
      >
        <use
          xlinkHref="#icon-star"
        />
      </svg>
    </label>
  </div>
  <textarea
    className="reviews__textarea form__textarea"
    disabled={false}
    id="review"
    name="review"
    onChange={[Function]}
    placeholder="Tell how was your stay, what you like and what can be improved"
    value="The house among olive"
  />
  <div
    className="reviews__button-wrapper"
  >
    <p
      className="reviews__help"
    >
      To submit review please make sure to set
       
      <span
        className="reviews__star"
      >
        rating
      </span>
       and describe your stay with at least
       
      <b
        className="reviews__text-amount"
      >
        50 characters
      </b>
      .
    </p>
    <button
      className="reviews__submit form__submit button"
      disabled={true}
      type="submit"
    >
      Submit
    </button>
  </div>
</form>
`;
