// Jest Snapshot v1, https://goo.gl/fbAQLP

exports[`Should FavoriteItem render correctly 1`] = `
<li
  className="favorites__locations-items"
>
  <div
    className="favorites__locations locations locations--current"
  >
    <div
      className="locations__item"
    >
      <a
        className="locations__item-link"
        href="#"
      >
        <span>
          Paris
        </span>
      </a>
    </div>
  </div>
  <div
    className="favorites__places"
  >
    <article
      className="favorites__card place-card"
    >
      <div
        className="favorites__image-wrapper place-card__image-wrapper"
      >
        <a
          className="place-card__link"
          href="/offer/1"
          onClick={[Function]}
        >
          <img
            alt="Place image"
            className="place-card__image"
            height={110}
            src="https://htmlacademy-react-3.appspot.com/six-cities/static/hotel/12.jpg"
            width={150}
          />
        </a>
      </div>
      <div
        className="favorites__card-info place-card__info"
      >
        <div
          className="place-card__price-wrapper"
        >
          <div
            className="place-card__price"
          >
            <b
              className="place-card__price-value"
            >
              €
              813
            </b>
            <span
              className="place-card__price-text"
            >
              / night
            </span>
          </div>
          <button
            className="place-card__bookmark-button button place-card__bookmark-button--active"
            onClick={[Function]}
            type="button"
          >
            <svg
              className="place-card__bookmark-icon"
              height={19}
              width={18}
            >
              <use
                xlinkHref="#icon-bookmark"
              />
            </svg>
            <span
              className="visually-hidden"
            >
              In bookmarks
            </span>
          </button>
        </div>
        <div
          className="place-card__rating rating"
        >
          <div
            className="place-card__stars rating__stars"
          >
            <span
              style={
                Object {
                  "width": "84%",
                }
              }
            />
            <span
              className="visually-hidden"
            >
              Rating
            </span>
          </div>
        </div>
        <h2
          className="place-card__name"
        >
          <a
            className="place-card__link"
            href="/offer/1"
            onClick={[Function]}
          >
            The house among olive
          </a>
        </h2>
        <p
          className="place-card__type"
        >
          house
        </p>
      </div>
    </article>
  </div>
</li>
`;
